<?xml version="1.0" encoding="utf-8"?><testsuites><testsuite name="pytest" errors="0" failures="4" skipped="0" tests="8" time="114.671" timestamp="2026-05-11T22:28:34.592434" hostname="DESKTOP-CQ9AKI8"><testcase classname="src.tests.test_bdd_login_to_cart" name="test_login_with_valid_credentials[valid_login_standard_user]" time="0.115"><failure message="pytest_bdd.exceptions.StepDefinitionNotFoundError: Step definition is not found: Given &quot;I am on the SauceDemo login page&quot;. Line 5 in scenario &quot;Login with valid credentials&quot; in the feature &quot;D:\Drive Code\Student\Task2.2\dev-1\features\web\login_to_cart.feature&quot;">E   pytest_bdd.exceptions.StepDefinitionNotFoundError: Step definition is not found: Given "I am on the SauceDemo login page". Line 5 in scenario "Login with valid credentials" in the feature "D:\Drive Code\Student\Task2.2\dev-1\features\web\login_to_cart.feature"
All traceback entries are hidden. Pass `--full-trace` to see hidden and internal frames.</failure></testcase><testcase classname="src.tests.test_bdd_login_to_cart" name="test_login_with_invalid_credentials[invalid_login_wrong_password]" time="0.002"><failure message="pytest_bdd.exceptions.StepDefinitionNotFoundError: Step definition is not found: When &quot;I login with test data &quot;invalid_login_wrong_password&quot;&quot;. Line 15 in scenario &quot;Login with invalid credentials&quot; in the feature &quot;D:\Drive Code\Student\Task2.2\dev-1\features\web\login_to_cart.feature&quot;">E   pytest_bdd.exceptions.StepDefinitionNotFoundError: Step definition is not found: When "I login with test data "invalid_login_wrong_password"". Line 15 in scenario "Login with invalid credentials" in the feature "D:\Drive Code\Student\Task2.2\dev-1\features\web\login_to_cart.feature"
All traceback entries are hidden. Pass `--full-trace` to see hidden and internal frames.</failure></testcase><testcase classname="src.tests.test_business_functions.TestApplicationFunctionality" name="test_login_with_valid_credentials[valid_login_standard_user]" time="7.661" /><testcase classname="src.tests.test_business_functions.TestApplicationFunctionality" name="test_login_with_valid_credentials[valid_login_for_add_to_cart]" time="7.289" /><testcase classname="src.tests.test_business_functions.TestApplicationFunctionality" name="test_login_with_valid_credentials[invalid_login_wrong_password]" time="37.362"><failure message="AssertionError: Login flow failed&#10;assert False&#10; +  where False = &lt;bound method BusinessFunctions.complete_login_flow of &lt;src.businessfunctions.business_functions.BusinessFunctions object at 0x000001CCBB5B8EC0&gt;&gt;('locked_out_user', 'wrong_password')&#10; +    where &lt;bound method BusinessFunctions.complete_login_flow of &lt;src.businessfunctions.business_functions.BusinessFunctions object at 0x000001CCBB5B8EC0&gt;&gt; = &lt;src.businessfunctions.business_functions.BusinessFunctions object at 0x000001CCBB5B8EC0&gt;.complete_login_flow&#10; +    and   'locked_out_user' = LoginRow(title='invalid_login_wrong_password', username='locked_out_user', password='wrong_password').username&#10; +    and   'wrong_password' = LoginRow(title='invalid_login_wrong_password', username='locked_out_user', password='wrong_password').password">src\tests\test_business_functions.py:20: in test_login_with_valid_credentials
    assert bf.complete_login_flow(row.username, row.password), "Login flow failed"
E   AssertionError: Login flow failed
E   assert False
E    +  where False = &lt;bound method BusinessFunctions.complete_login_flow of &lt;src.businessfunctions.business_functions.BusinessFunctions object at 0x000001CCBB5B8EC0&gt;&gt;('locked_out_user', 'wrong_password')
E    +    where &lt;bound method BusinessFunctions.complete_login_flow of &lt;src.businessfunctions.business_functions.BusinessFunctions object at 0x000001CCBB5B8EC0&gt;&gt; = &lt;src.businessfunctions.business_functions.BusinessFunctions object at 0x000001CCBB5B8EC0&gt;.complete_login_flow
E    +    and   'locked_out_user' = LoginRow(title='invalid_login_wrong_password', username='locked_out_user', password='wrong_password').username
E    +    and   'wrong_password' = LoginRow(title='invalid_login_wrong_password', username='locked_out_user', password='wrong_password').password</failure></testcase><testcase classname="src.tests.test_business_functions.TestApplicationFunctionality" name="test_login_to_add_to_cart_workflow[valid_login_standard_user]" time="12.413" /><testcase classname="src.tests.test_business_functions.TestApplicationFunctionality" name="test_login_to_add_to_cart_workflow[valid_login_for_add_to_cart]" time="12.807" /><testcase classname="src.tests.test_business_functions.TestApplicationFunctionality" name="test_login_to_add_to_cart_workflow[invalid_login_wrong_password]" time="36.915"><failure message="AssertionError: Login flow failed&#10;assert False&#10; +  where False = &lt;bound method BusinessFunctions.complete_login_flow of &lt;src.businessfunctions.business_functions.BusinessFunctions object at 0x000001CCBB0F4710&gt;&gt;('locked_out_user', 'wrong_password')&#10; +    where &lt;bound method BusinessFunctions.complete_login_flow of &lt;src.businessfunctions.business_functions.BusinessFunctions object at 0x000001CCBB0F4710&gt;&gt; = &lt;src.businessfunctions.business_functions.BusinessFunctions object at 0x000001CCBB0F4710&gt;.complete_login_flow&#10; +    and   'locked_out_user' = LoginRow(title='invalid_login_wrong_password', username='locked_out_user', password='wrong_password').username&#10; +    and   'wrong_password' = LoginRow(title='invalid_login_wrong_password', username='locked_out_user', password='wrong_password').password">src\tests\test_business_functions.py:34: in test_login_to_add_to_cart_workflow
    assert bf.complete_login_flow(row.username, row.password), "Login flow failed"
E   AssertionError: Login flow failed
E   assert False
E    +  where False = &lt;bound method BusinessFunctions.complete_login_flow of &lt;src.businessfunctions.business_functions.BusinessFunctions object at 0x000001CCBB0F4710&gt;&gt;('locked_out_user', 'wrong_password')
E    +    where &lt;bound method BusinessFunctions.complete_login_flow of &lt;src.businessfunctions.business_functions.BusinessFunctions object at 0x000001CCBB0F4710&gt;&gt; = &lt;src.businessfunctions.business_functions.BusinessFunctions object at 0x000001CCBB0F4710&gt;.complete_login_flow
E    +    and   'locked_out_user' = LoginRow(title='invalid_login_wrong_password', username='locked_out_user', password='wrong_password').username
E    +    and   'wrong_password' = LoginRow(title='invalid_login_wrong_password', username='locked_out_user', password='wrong_password').password</failure></testcase></testsuite></testsuites>